<div style="display: flex; padding: 1px 2px 3px 4px; color: red">test</div>
<div style="padding: 1px 2px 3px 4px; color: red; background-image: url('{{ $foo }}');">expressions</div>
<div style="background-image: url('{{ $foo }}'); border: 1px dashed red;">expressions mixed</div>
