<div style="margin: 1px 2px 3px 4px;">margin</div>
<div style="padding: 1px 2px 3px 4px;">padding</div>
<div style="border: 1px dashed red;">border</div>
<div style="background-image: url('{{ $foo }}');">expressions</div>
