<div style="margin: 1px 2px 3px 4px;">test</div>
<p style="margin: 4px 3px 2px 1px;">test</p>
<section style="margin-top: 1px; margin-right: 2px; margin-bottom: 3px; margin-left: 4px;">test</section>
